
> nisha-roadways2@0.1.0 build
> next build

node.exe :  ÔÜá Warning: 
Next.js inferred your 
workspace root, but it may 
not be correct.
At C:\Program 
Files\nodejs\npm.ps1:29 
char:3
+   & $NODE_EXE $NPM_CLI_JS 
$args
+   ~~~~~~~~~~~~~~~~~~~~~~~~
~~~~~
    + CategoryInfo          
    : NotSpecified: ( ÔÜá   
  Warning: N...not be cor   
 rect.:String) [], Remot    
eException
    + FullyQualifiedErrorId 
    : NativeCommandError
 
 We detected multiple 
lockfiles and selected the 
directory of C:\Users\Roger\
Desktop\pnpm-lock.yaml as 
the root directory.
 To silence this warning, 
set `outputFileTracingRoot` 
in your Next.js config, or 
consider removing one of 
the lockfiles if it's not 
needed.
   See https://nextjs.org/do
cs/app/api-reference/config/
next-config-js/output#caveat
s for more information.
 Detected additional 
lockfiles: 
   * C:\Users\Roger\Desktop\
nisha-roadways2\package-lock
.json

   Ôû▓ Next.js 15.5.7
   - Environments: .env.local, .env

   Creating an optimized production build ...
Failed to compile.

./node_modules/@sanity/visio
n/lib/_chunks-es/SanityVisio
n.js
Attempted import error: 
'useEffectEvent' is not 
exported from 'react' 
(imported as 
'useEffectEvent').

Import trace for requested 
module:
./node_modules/@sanity/visio
n/lib/_chunks-es/SanityVisio
n.js
./node_modules/@sanity/visio
n/lib/_chunks-es/index.js
./node_modules/@sanity/visio
n/lib/index.js
./sanity.config.ts

./node_modules/sanity/lib/_c
hunks-es/pane.js
Attempted import error: 
'useEffectEvent' is not 
exported from 'react' 
(imported as 
'useEffectEvent').

Import trace for requested 
module:
./node_modules/sanity/lib/_c
hunks-es/pane.js
./node_modules/sanity/lib/st
ructure.js
./sanity.config.ts

./node_modules/sanity/lib/_c
hunks-es/pane.js
Attempted import error: 
'useEffectEvent' is not 
exported from 'react' 
(imported as 
'useEffectEvent').

Import trace for requested 
module:
./node_modules/sanity/lib/_c
hunks-es/pane.js
./node_modules/sanity/lib/st
ructure.js
./sanity.config.ts

./node_modules/sanity/lib/in
dex.js
Attempted import error: 
'useEffectEvent' is not 
exported from 'react' 
(imported as 
'useEffectEvent').

Import trace for requested 
module:
./node_modules/sanity/lib/in
dex.js
./sanity.config.ts

./node_modules/sanity/lib/in
dex.js
Attempted import error: 
'useEffectEvent' is not 
exported from 'react' 
(imported as 
'useEffectEvent').

Import trace for requested 
module:
./node_modules/sanity/lib/in
dex.js
./sanity.config.ts


> Build failed because of 
webpack errors
